16:13:05 **** Auto Build of configuration Debug for project sd ****
make pre-build main-build 
a9-linaro-pre-build-step
' '
'Building file: ../src/helloworld.c'
'Invoking: ARM v7 gcc compiler'
arm-none-eabi-gcc -Wall -O0 -g3 -c -fmessage-length=0 -MT"src/helloworld.o" -mcpu=cortex-a9 -mfpu=vfpv3 -mfloat-abi=hard -I../../sd_bsp/ps7_cortexa9_0/include -MMD -MP -MF"src/helloworld.d" -MT"src/helloworld.o" -o "src/helloworld.o" "../src/helloworld.c"
../src/helloworld.c: In function 'main':
../src/helloworld.c:137:6: warning: unused variable 'n' [-Wunused-variable]
  int n = 0;
      ^
../src/helloworld.c:136:15: warning: unused variable 'k' [-Wunused-variable]
  int status,i,k;
               ^
'Finished building: ../src/helloworld.c'
' '
'Building target: sd.elf'
'Invoking: ARM v7 gcc linker'
arm-none-eabi-gcc -mcpu=cortex-a9 -mfpu=vfpv3 -mfloat-abi=hard -Wl,-build-id=none -specs=Xilinx.spec -Wl,-T -Wl,../src/lscript.ld -L../../sd_bsp/ps7_cortexa9_0/lib -o "sd.elf"  ./src/helloworld.o ./src/platform.o   -Wl,--start-group,-lxil,-lgcc,-lc,--end-group -Wl,--start-group,-lxilffs,-lxil,-lgcc,-lc,--end-group
'Finished building target: sd.elf'
' '
'Invoking: ARM v7 Print Size'
arm-none-eabi-size sd.elf  |tee "sd.elf.size"
   text	   data	    bss	    dec	    hex	filename
 152916	  14920	  26112	 193948	  2f59c	sd.elf
'Finished building: sd.elf.size'
' '

16:13:05 Build Finished (took 673ms)

